x = 6;
y = 7;
p = true;
q = true;
----------
x = 6;
y = 8;
p = true;
q = true;
----------
x = 6;
y = 9;
p = true;
q = true;
----------
x = 6;
y = 10;
p = true;
q = true;
----------
x = 7;
y = 6;
p = true;
q = true;
----------
x = 7;
y = 8;
p = true;
q = true;
----------
x = 7;
y = 9;
p = true;
q = true;
----------
x = 7;
y = 10;
p = true;
q = true;
----------
x = 8;
y = 6;
p = true;
q = true;
----------
x = 8;
y = 7;
p = true;
q = true;
----------
x = 8;
y = 9;
p = true;
q = true;
----------
x = 8;
y = 10;
p = true;
q = true;
----------
x = 9;
y = 6;
p = true;
q = true;
----------
x = 9;
y = 7;
p = true;
q = true;
----------
x = 9;
y = 8;
p = true;
q = true;
----------
x = 9;
y = 10;
p = true;
q = true;
----------
x = 10;
y = 6;
p = true;
q = true;
----------
x = 10;
y = 7;
p = true;
q = true;
----------
x = 10;
y = 8;
p = true;
q = true;
----------
x = 10;
y = 9;
p = true;
q = true;
----------
x = 6;
y = 1;
p = true;
q = false;
----------
x = 6;
y = 2;
p = true;
q = false;
----------
x = 6;
y = 3;
p = true;
q = false;
----------
x = 6;
y = 4;
p = true;
q = false;
----------
x = 6;
y = 5;
p = true;
q = false;
----------
x = 7;
y = 1;
p = true;
q = false;
----------
x = 7;
y = 2;
p = true;
q = false;
----------
x = 7;
y = 3;
p = true;
q = false;
----------
x = 7;
y = 4;
p = true;
q = false;
----------
x = 7;
y = 5;
p = true;
q = false;
----------
x = 8;
y = 1;
p = true;
q = false;
----------
x = 8;
y = 2;
p = true;
q = false;
----------
x = 8;
y = 3;
p = true;
q = false;
----------
x = 8;
y = 4;
p = true;
q = false;
----------
x = 8;
y = 5;
p = true;
q = false;
----------
x = 9;
y = 1;
p = true;
q = false;
----------
x = 9;
y = 2;
p = true;
q = false;
----------
x = 9;
y = 3;
p = true;
q = false;
----------
x = 9;
y = 4;
p = true;
q = false;
----------
x = 9;
y = 5;
p = true;
q = false;
----------
x = 10;
y = 1;
p = true;
q = false;
----------
x = 10;
y = 2;
p = true;
q = false;
----------
x = 10;
y = 3;
p = true;
q = false;
----------
x = 10;
y = 4;
p = true;
q = false;
----------
x = 10;
y = 5;
p = true;
q = false;
----------
x = 1;
y = 6;
p = false;
q = true;
----------
x = 1;
y = 7;
p = false;
q = true;
----------
x = 1;
y = 8;
p = false;
q = true;
----------
x = 1;
y = 9;
p = false;
q = true;
----------
x = 1;
y = 10;
p = false;
q = true;
----------
x = 2;
y = 6;
p = false;
q = true;
----------
x = 2;
y = 7;
p = false;
q = true;
----------
x = 2;
y = 8;
p = false;
q = true;
----------
x = 2;
y = 9;
p = false;
q = true;
----------
x = 2;
y = 10;
p = false;
q = true;
----------
x = 3;
y = 6;
p = false;
q = true;
----------
x = 3;
y = 7;
p = false;
q = true;
----------
x = 3;
y = 8;
p = false;
q = true;
----------
x = 3;
y = 9;
p = false;
q = true;
----------
x = 3;
y = 10;
p = false;
q = true;
----------
x = 4;
y = 6;
p = false;
q = true;
----------
x = 4;
y = 7;
p = false;
q = true;
----------
x = 4;
y = 8;
p = false;
q = true;
----------
x = 4;
y = 9;
p = false;
q = true;
----------
x = 4;
y = 10;
p = false;
q = true;
----------
x = 5;
y = 6;
p = false;
q = true;
----------
x = 5;
y = 7;
p = false;
q = true;
----------
x = 5;
y = 8;
p = false;
q = true;
----------
x = 5;
y = 9;
p = false;
q = true;
----------
x = 5;
y = 10;
p = false;
q = true;
----------
x = 1;
y = 2;
p = false;
q = false;
----------
x = 1;
y = 3;
p = false;
q = false;
----------
x = 1;
y = 4;
p = false;
q = false;
----------
x = 1;
y = 5;
p = false;
q = false;
----------
x = 2;
y = 1;
p = false;
q = false;
----------
x = 2;
y = 3;
p = false;
q = false;
----------
x = 2;
y = 4;
p = false;
q = false;
----------
x = 2;
y = 5;
p = false;
q = false;
----------
x = 3;
y = 1;
p = false;
q = false;
----------
x = 3;
y = 2;
p = false;
q = false;
----------
x = 3;
y = 4;
p = false;
q = false;
----------
x = 3;
y = 5;
p = false;
q = false;
----------
x = 4;
y = 1;
p = false;
q = false;
----------
x = 4;
y = 2;
p = false;
q = false;
----------
x = 4;
y = 3;
p = false;
q = false;
----------
x = 4;
y = 5;
p = false;
q = false;
----------
x = 5;
y = 1;
p = false;
q = false;
----------
x = 5;
y = 2;
p = false;
q = false;
----------
x = 5;
y = 3;
p = false;
q = false;
----------
x = 5;
y = 4;
p = false;
q = false;
----------
==========
