index = 1;
rhs = 1;
v1 = 1;
v2 = 2;
v3 = 5;
----------
index = 2;
rhs = 2;
v1 = 1;
v2 = 2;
v3 = 5;
----------
index = 3;
rhs = 5;
v1 = 1;
v2 = 2;
v3 = 5;
----------
index = 1;
rhs = 2;
v1 = 2;
v2 = 2;
v3 = 5;
----------
index = 2;
rhs = 2;
v1 = 2;
v2 = 2;
v3 = 5;
----------
index = 3;
rhs = 5;
v1 = 2;
v2 = 2;
v3 = 5;
----------
index = 1;
rhs = 1;
v1 = 1;
v2 = 3;
v3 = 5;
----------
index = 2;
rhs = 3;
v1 = 1;
v2 = 3;
v3 = 5;
----------
index = 3;
rhs = 5;
v1 = 1;
v2 = 3;
v3 = 5;
----------
index = 1;
rhs = 2;
v1 = 2;
v2 = 3;
v3 = 5;
----------
index = 2;
rhs = 3;
v1 = 2;
v2 = 3;
v3 = 5;
----------
index = 3;
rhs = 5;
v1 = 2;
v2 = 3;
v3 = 5;
----------
index = 1;
rhs = 1;
v1 = 1;
v2 = 2;
v3 = 6;
----------
index = 2;
rhs = 2;
v1 = 1;
v2 = 2;
v3 = 6;
----------
index = 3;
rhs = 6;
v1 = 1;
v2 = 2;
v3 = 6;
----------
index = 1;
rhs = 2;
v1 = 2;
v2 = 2;
v3 = 6;
----------
index = 2;
rhs = 2;
v1 = 2;
v2 = 2;
v3 = 6;
----------
index = 3;
rhs = 6;
v1 = 2;
v2 = 2;
v3 = 6;
----------
index = 1;
rhs = 1;
v1 = 1;
v2 = 3;
v3 = 6;
----------
index = 2;
rhs = 3;
v1 = 1;
v2 = 3;
v3 = 6;
----------
index = 3;
rhs = 6;
v1 = 1;
v2 = 3;
v3 = 6;
----------
index = 1;
rhs = 2;
v1 = 2;
v2 = 3;
v3 = 6;
----------
index = 2;
rhs = 3;
v1 = 2;
v2 = 3;
v3 = 6;
----------
index = 3;
rhs = 6;
v1 = 2;
v2 = 3;
v3 = 6;
----------
==========
