x1 = 5;
x2 = 5;
x3 = 3;
rhs = 3;
index = 3;
----------
x1 = 2;
x2 = 7;
x3 = 5;
rhs = 2;
index = 1;
----------
x1 = 3;
x2 = 3;
x3 = 3;
rhs = 3;
index = 3;
----------
x1 = 5;
x2 = 6;
x3 = 2;
rhs = 2;
index = 3;
----------
x1 = 1;
x2 = 8;
x3 = 7;
rhs = 1;
index = 1;
----------
x1 = 1;
x2 = 3;
x3 = 7;
rhs = 3;
index = 2;
----------
x1 = 1;
x2 = 3;
x3 = 3;
rhs = 1;
index = 1;
----------
x1 = 1;
x2 = 6;
x3 = 2;
rhs = 2;
index = 3;
----------
x1 = 5;
x2 = 3;
x3 = 2;
rhs = 3;
index = 2;
----------
x1 = 1;
x2 = 3;
x3 = 7;
rhs = 1;
index = 1;
----------
x1 = 2;
x2 = 8;
x3 = 7;
rhs = 2;
index = 1;
----------
x1 = 2;
x2 = 3;
x3 = 7;
rhs = 3;
index = 2;
----------
x1 = 3;
x2 = 8;
x3 = 2;
rhs = 3;
index = 1;
----------
x1 = 5;
x2 = 7;
x3 = 2;
rhs = 2;
index = 3;
----------
x1 = 5;
x2 = 8;
x3 = 2;
rhs = 2;
index = 3;
----------
x1 = 5;
x2 = 4;
x3 = 2;
rhs = 2;
index = 3;
----------
x1 = 5;
x2 = 5;
x3 = 2;
rhs = 2;
index = 3;
----------
x1 = 5;
x2 = 6;
x3 = 3;
rhs = 3;
index = 3;
----------
x1 = 5;
x2 = 8;
x3 = 3;
rhs = 3;
index = 3;
----------
x1 = 4;
x2 = 8;
x3 = 3;
rhs = 3;
index = 3;
----------
x1 = 3;
x2 = 8;
x3 = 3;
rhs = 3;
index = 3;
----------
x1 = 1;
x2 = 8;
x3 = 3;
rhs = 3;
index = 3;
----------
x1 = 2;
x2 = 8;
x3 = 3;
rhs = 3;
index = 3;
----------
x1 = 2;
x2 = 6;
x3 = 3;
rhs = 3;
index = 3;
----------
x1 = 3;
x2 = 6;
x3 = 3;
rhs = 3;
index = 3;
----------
x1 = 3;
x2 = 7;
x3 = 3;
rhs = 3;
index = 3;
----------
x1 = 4;
x2 = 7;
x3 = 3;
rhs = 3;
index = 3;
----------
x1 = 4;
x2 = 6;
x3 = 3;
rhs = 3;
index = 3;
----------
x1 = 1;
x2 = 6;
x3 = 3;
rhs = 3;
index = 3;
----------
x1 = 1;
x2 = 7;
x3 = 3;
rhs = 3;
index = 3;
----------
x1 = 2;
x2 = 7;
x3 = 3;
rhs = 3;
index = 3;
----------
x1 = 2;
x2 = 3;
x3 = 3;
rhs = 3;
index = 3;
----------
x1 = 1;
x2 = 3;
x3 = 3;
rhs = 3;
index = 3;
----------
x1 = 1;
x2 = 4;
x3 = 3;
rhs = 3;
index = 3;
----------
x1 = 2;
x2 = 4;
x3 = 3;
rhs = 3;
index = 3;
----------
x1 = 2;
x2 = 5;
x3 = 3;
rhs = 3;
index = 3;
----------
x1 = 1;
x2 = 5;
x3 = 3;
rhs = 3;
index = 3;
----------
x1 = 1;
x2 = 3;
x3 = 3;
rhs = 3;
index = 2;
----------
x1 = 1;
x2 = 3;
x3 = 4;
rhs = 3;
index = 2;
----------
x1 = 1;
x2 = 3;
x3 = 6;
rhs = 3;
index = 2;
----------
x1 = 1;
x2 = 3;
x3 = 5;
rhs = 3;
index = 2;
----------
x1 = 2;
x2 = 3;
x3 = 5;
rhs = 3;
index = 2;
----------
x1 = 2;
x2 = 3;
x3 = 6;
rhs = 3;
index = 2;
----------
x1 = 2;
x2 = 3;
x3 = 6;
rhs = 2;
index = 1;
----------
x1 = 2;
x2 = 3;
x3 = 5;
rhs = 2;
index = 1;
----------
x1 = 2;
x2 = 5;
x3 = 5;
rhs = 2;
index = 1;
----------
x1 = 2;
x2 = 5;
x3 = 6;
rhs = 2;
index = 1;
----------
x1 = 2;
x2 = 6;
x3 = 6;
rhs = 2;
index = 1;
----------
x1 = 2;
x2 = 6;
x3 = 7;
rhs = 2;
index = 1;
----------
x1 = 2;
x2 = 5;
x3 = 7;
rhs = 2;
index = 1;
----------
x1 = 2;
x2 = 5;
x3 = 4;
rhs = 2;
index = 1;
----------
x1 = 2;
x2 = 6;
x3 = 4;
rhs = 2;
index = 1;
----------
x1 = 2;
x2 = 6;
x3 = 5;
rhs = 2;
index = 1;
----------
x1 = 2;
x2 = 4;
x3 = 5;
rhs = 2;
index = 1;
----------
x1 = 2;
x2 = 4;
x3 = 6;
rhs = 2;
index = 1;
----------
x1 = 3;
x2 = 4;
x3 = 6;
rhs = 3;
index = 1;
----------
x1 = 3;
x2 = 4;
x3 = 7;
rhs = 3;
index = 1;
----------
x1 = 3;
x2 = 6;
x3 = 7;
rhs = 3;
index = 1;
----------
x1 = 3;
x2 = 6;
x3 = 6;
rhs = 3;
index = 1;
----------
x1 = 3;
x2 = 3;
x3 = 6;
rhs = 3;
index = 1;
----------
x1 = 3;
x2 = 3;
x3 = 7;
rhs = 3;
index = 1;
----------
x1 = 3;
x2 = 5;
x3 = 7;
rhs = 3;
index = 1;
----------
x1 = 3;
x2 = 5;
x3 = 6;
rhs = 3;
index = 1;
----------
x1 = 1;
x2 = 5;
x3 = 6;
rhs = 1;
index = 1;
----------
x1 = 1;
x2 = 6;
x3 = 6;
rhs = 1;
index = 1;
----------
x1 = 1;
x2 = 6;
x3 = 7;
rhs = 1;
index = 1;
----------
x1 = 1;
x2 = 4;
x3 = 7;
rhs = 1;
index = 1;
----------
x1 = 2;
x2 = 4;
x3 = 7;
rhs = 2;
index = 1;
----------
x1 = 2;
x2 = 3;
x3 = 7;
rhs = 2;
index = 1;
----------
x1 = 2;
x2 = 3;
x3 = 4;
rhs = 2;
index = 1;
----------
x1 = 2;
x2 = 4;
x3 = 4;
rhs = 2;
index = 1;
----------
x1 = 2;
x2 = 4;
x3 = 3;
rhs = 2;
index = 1;
----------
x1 = 2;
x2 = 3;
x3 = 3;
rhs = 2;
index = 1;
----------
x1 = 2;
x2 = 5;
x3 = 3;
rhs = 2;
index = 1;
----------
x1 = 2;
x2 = 5;
x3 = 2;
rhs = 2;
index = 1;
----------
x1 = 2;
x2 = 4;
x3 = 2;
rhs = 2;
index = 1;
----------
x1 = 2;
x2 = 3;
x3 = 2;
rhs = 2;
index = 1;
----------
x1 = 2;
x2 = 6;
x3 = 2;
rhs = 2;
index = 1;
----------
x1 = 2;
x2 = 6;
x3 = 3;
rhs = 2;
index = 1;
----------
x1 = 2;
x2 = 7;
x3 = 3;
rhs = 2;
index = 1;
----------
x1 = 2;
x2 = 7;
x3 = 2;
rhs = 2;
index = 1;
----------
x1 = 2;
x2 = 8;
x3 = 2;
rhs = 2;
index = 1;
----------
x1 = 2;
x2 = 8;
x3 = 3;
rhs = 2;
index = 1;
----------
x1 = 2;
x2 = 3;
x3 = 3;
rhs = 3;
index = 2;
----------
x1 = 2;
x2 = 3;
x3 = 2;
rhs = 3;
index = 2;
----------
x1 = 2;
x2 = 3;
x3 = 4;
rhs = 3;
index = 2;
----------
x1 = 3;
x2 = 3;
x3 = 4;
rhs = 3;
index = 2;
----------
x1 = 4;
x2 = 3;
x3 = 4;
rhs = 3;
index = 2;
----------
x1 = 5;
x2 = 3;
x3 = 4;
rhs = 3;
index = 2;
----------
x1 = 3;
x2 = 3;
x3 = 4;
rhs = 3;
index = 1;
----------
x1 = 3;
x2 = 5;
x3 = 4;
rhs = 3;
index = 1;
----------
x1 = 3;
x2 = 5;
x3 = 5;
rhs = 3;
index = 1;
----------
x1 = 3;
x2 = 3;
x3 = 5;
rhs = 3;
index = 1;
----------
x1 = 1;
x2 = 3;
x3 = 5;
rhs = 1;
index = 1;
----------
x1 = 1;
x2 = 5;
x3 = 5;
rhs = 1;
index = 1;
----------
x1 = 1;
x2 = 7;
x3 = 5;
rhs = 1;
index = 1;
----------
x1 = 1;
x2 = 7;
x3 = 4;
rhs = 1;
index = 1;
----------
x1 = 1;
x2 = 5;
x3 = 4;
rhs = 1;
index = 1;
----------
x1 = 1;
x2 = 3;
x3 = 4;
rhs = 1;
index = 1;
----------
x1 = 1;
x2 = 8;
x3 = 4;
rhs = 1;
index = 1;
----------
x1 = 1;
x2 = 8;
x3 = 5;
rhs = 1;
index = 1;
----------
x1 = 1;
x2 = 4;
x3 = 5;
rhs = 1;
index = 1;
----------
x1 = 1;
x2 = 6;
x3 = 5;
rhs = 1;
index = 1;
----------
x1 = 1;
x2 = 5;
x3 = 7;
rhs = 1;
index = 1;
----------
x1 = 1;
x2 = 4;
x3 = 6;
rhs = 1;
index = 1;
----------
x1 = 1;
x2 = 7;
x3 = 6;
rhs = 1;
index = 1;
----------
x1 = 1;
x2 = 7;
x3 = 7;
rhs = 1;
index = 1;
----------
x1 = 1;
x2 = 7;
x3 = 3;
rhs = 1;
index = 1;
----------
x1 = 1;
x2 = 7;
x3 = 2;
rhs = 1;
index = 1;
----------
x1 = 3;
x2 = 7;
x3 = 2;
rhs = 3;
index = 1;
----------
x1 = 3;
x2 = 7;
x3 = 3;
rhs = 3;
index = 1;
----------
x1 = 3;
x2 = 4;
x3 = 3;
rhs = 3;
index = 1;
----------
x1 = 3;
x2 = 6;
x3 = 3;
rhs = 3;
index = 1;
----------
x1 = 3;
x2 = 5;
x3 = 3;
rhs = 3;
index = 1;
----------
x1 = 3;
x2 = 5;
x3 = 2;
rhs = 3;
index = 1;
----------
x1 = 3;
x2 = 4;
x3 = 2;
rhs = 3;
index = 1;
----------
x1 = 3;
x2 = 6;
x3 = 2;
rhs = 3;
index = 1;
----------
x1 = 3;
x2 = 6;
x3 = 4;
rhs = 3;
index = 1;
----------
x1 = 3;
x2 = 4;
x3 = 4;
rhs = 3;
index = 1;
----------
x1 = 3;
x2 = 4;
x3 = 5;
rhs = 3;
index = 1;
----------
x1 = 3;
x2 = 6;
x3 = 5;
rhs = 3;
index = 1;
----------
x1 = 1;
x2 = 6;
x3 = 4;
rhs = 1;
index = 1;
----------
x1 = 1;
x2 = 4;
x3 = 4;
rhs = 1;
index = 1;
----------
x1 = 1;
x2 = 8;
x3 = 6;
rhs = 1;
index = 1;
----------
x1 = 3;
x2 = 8;
x3 = 6;
rhs = 3;
index = 1;
----------
x1 = 3;
x2 = 7;
x3 = 6;
rhs = 3;
index = 1;
----------
x1 = 3;
x2 = 7;
x3 = 4;
rhs = 3;
index = 1;
----------
x1 = 3;
x2 = 8;
x3 = 4;
rhs = 3;
index = 1;
----------
x1 = 3;
x2 = 8;
x3 = 5;
rhs = 3;
index = 1;
----------
x1 = 3;
x2 = 7;
x3 = 5;
rhs = 3;
index = 1;
----------
x1 = 3;
x2 = 7;
x3 = 7;
rhs = 3;
index = 1;
----------
x1 = 3;
x2 = 8;
x3 = 7;
rhs = 3;
index = 1;
----------
x1 = 2;
x2 = 8;
x3 = 5;
rhs = 2;
index = 1;
----------
x1 = 2;
x2 = 8;
x3 = 4;
rhs = 2;
index = 1;
----------
x1 = 2;
x2 = 8;
x3 = 6;
rhs = 2;
index = 1;
----------
x1 = 2;
x2 = 7;
x3 = 6;
rhs = 2;
index = 1;
----------
x1 = 2;
x2 = 7;
x3 = 7;
rhs = 2;
index = 1;
----------
x1 = 2;
x2 = 7;
x3 = 4;
rhs = 2;
index = 1;
----------
x1 = 3;
x2 = 8;
x3 = 3;
rhs = 3;
index = 1;
----------
x1 = 3;
x2 = 3;
x3 = 3;
rhs = 3;
index = 1;
----------
x1 = 3;
x2 = 3;
x3 = 3;
rhs = 3;
index = 2;
----------
x1 = 4;
x2 = 3;
x3 = 3;
rhs = 3;
index = 2;
----------
x1 = 5;
x2 = 3;
x3 = 3;
rhs = 3;
index = 2;
----------
x1 = 5;
x2 = 3;
x3 = 3;
rhs = 3;
index = 3;
----------
x1 = 4;
x2 = 3;
x3 = 3;
rhs = 3;
index = 3;
----------
x1 = 4;
x2 = 3;
x3 = 5;
rhs = 3;
index = 2;
----------
x1 = 5;
x2 = 3;
x3 = 5;
rhs = 3;
index = 2;
----------
x1 = 5;
x2 = 3;
x3 = 6;
rhs = 3;
index = 2;
----------
x1 = 3;
x2 = 3;
x3 = 6;
rhs = 3;
index = 2;
----------
x1 = 3;
x2 = 3;
x3 = 5;
rhs = 3;
index = 2;
----------
x1 = 3;
x2 = 4;
x3 = 3;
rhs = 3;
index = 3;
----------
x1 = 3;
x2 = 4;
x3 = 2;
rhs = 2;
index = 3;
----------
x1 = 3;
x2 = 7;
x3 = 2;
rhs = 2;
index = 3;
----------
x1 = 3;
x2 = 8;
x3 = 2;
rhs = 2;
index = 3;
----------
x1 = 3;
x2 = 6;
x3 = 2;
rhs = 2;
index = 3;
----------
x1 = 3;
x2 = 3;
x3 = 2;
rhs = 2;
index = 3;
----------
x1 = 4;
x2 = 3;
x3 = 2;
rhs = 2;
index = 3;
----------
x1 = 4;
x2 = 6;
x3 = 2;
rhs = 2;
index = 3;
----------
x1 = 4;
x2 = 7;
x3 = 2;
rhs = 2;
index = 3;
----------
x1 = 2;
x2 = 7;
x3 = 2;
rhs = 2;
index = 3;
----------
x1 = 2;
x2 = 4;
x3 = 2;
rhs = 2;
index = 3;
----------
x1 = 1;
x2 = 4;
x3 = 2;
rhs = 2;
index = 3;
----------
x1 = 1;
x2 = 7;
x3 = 2;
rhs = 2;
index = 3;
----------
x1 = 1;
x2 = 8;
x3 = 2;
rhs = 2;
index = 3;
----------
x1 = 2;
x2 = 8;
x3 = 2;
rhs = 2;
index = 3;
----------
x1 = 2;
x2 = 6;
x3 = 2;
rhs = 2;
index = 3;
----------
x1 = 4;
x2 = 8;
x3 = 2;
rhs = 2;
index = 3;
----------
x1 = 1;
x2 = 8;
x3 = 2;
rhs = 1;
index = 1;
----------
x1 = 1;
x2 = 8;
x3 = 3;
rhs = 1;
index = 1;
----------
x1 = 1;
x2 = 6;
x3 = 3;
rhs = 1;
index = 1;
----------
x1 = 1;
x2 = 5;
x3 = 3;
rhs = 1;
index = 1;
----------
x1 = 1;
x2 = 4;
x3 = 3;
rhs = 1;
index = 1;
----------
x1 = 1;
x2 = 4;
x3 = 2;
rhs = 1;
index = 1;
----------
x1 = 1;
x2 = 6;
x3 = 2;
rhs = 1;
index = 1;
----------
x1 = 1;
x2 = 3;
x3 = 2;
rhs = 1;
index = 1;
----------
x1 = 1;
x2 = 5;
x3 = 2;
rhs = 1;
index = 1;
----------
x1 = 1;
x2 = 3;
x3 = 6;
rhs = 1;
index = 1;
----------
x1 = 4;
x2 = 3;
x3 = 6;
rhs = 3;
index = 2;
----------
x1 = 4;
x2 = 3;
x3 = 7;
rhs = 3;
index = 2;
----------
x1 = 5;
x2 = 3;
x3 = 7;
rhs = 3;
index = 2;
----------
x1 = 3;
x2 = 3;
x3 = 7;
rhs = 3;
index = 2;
----------
x1 = 3;
x2 = 3;
x3 = 2;
rhs = 3;
index = 2;
----------
x1 = 3;
x2 = 3;
x3 = 2;
rhs = 3;
index = 1;
----------
x1 = 3;
x2 = 5;
x3 = 3;
rhs = 3;
index = 3;
----------
x1 = 4;
x2 = 5;
x3 = 3;
rhs = 3;
index = 3;
----------
x1 = 4;
x2 = 4;
x3 = 3;
rhs = 3;
index = 3;
----------
x1 = 4;
x2 = 4;
x3 = 2;
rhs = 2;
index = 3;
----------
x1 = 5;
x2 = 3;
x3 = 2;
rhs = 2;
index = 3;
----------
x1 = 5;
x2 = 4;
x3 = 3;
rhs = 3;
index = 3;
----------
x1 = 5;
x2 = 7;
x3 = 3;
rhs = 3;
index = 3;
----------
x1 = 4;
x2 = 3;
x3 = 2;
rhs = 3;
index = 2;
----------
x1 = 1;
x2 = 3;
x3 = 2;
rhs = 3;
index = 2;
----------
x1 = 1;
x2 = 3;
x3 = 2;
rhs = 2;
index = 3;
----------
x1 = 1;
x2 = 5;
x3 = 2;
rhs = 2;
index = 3;
----------
x1 = 3;
x2 = 5;
x3 = 2;
rhs = 2;
index = 3;
----------
x1 = 4;
x2 = 5;
x3 = 2;
rhs = 2;
index = 3;
----------
x1 = 2;
x2 = 5;
x3 = 2;
rhs = 2;
index = 3;
----------
x1 = 2;
x2 = 3;
x3 = 2;
rhs = 2;
index = 3;
----------
==========
